≡اأ ╪ذ╪»╪ة ╪ز┘┘┘è╪░ ╪د╪«╪ز╪ذ╪د╪▒╪د╪ز API ┘╪ش┘à┘è╪╣ ╪د┘╪«╪»┘à╪د╪ز...
================================================================================

≡ا¤ ╪د╪«╪ز╪ذ╪د╪▒ ╪«╪»┘à╪ر ╪د┘┘à╪╡╪د╪»┘é╪ر (Auth Service)...
Sending POST request to http://localhost:5003/auth/register
Request data: {
  "email": "admin@supermall.com",
  "password": "xx100100",
  "confirmPassword": "xx100100",
  "name": "┘à╪»┘è╪▒ ╪د┘┘╪╕╪د┘à",
  "role": "user"
}
ظإî [auth] POST /register: ╪د┘┘à╪│╪ز╪«╪»┘à ╪د┘╪╣╪د╪»┘è ┘à┘ê╪ش┘ê╪» ╪ذ╪د┘┘╪╣┘╪î ╪│┘╪ص╪د┘ê┘ ╪ز╪│╪ش┘è┘ ╪د┘╪»╪«┘ê┘
Sending POST request to http://localhost:5003/auth/login
Request data: {
  "email": "admin@supermall.com",
  "password": "xx100100"
}
ظ£à [auth] POST /login: ╪ز┘à ╪ز╪│╪ش┘è┘ ╪د┘╪»╪«┘ê┘ ┘â┘à╪│╪ز╪«╪»┘à ╪╣╪د╪»┘è ╪ذ┘╪ش╪د╪ص
Sending POST request to http://localhost:5003/auth/register
Request data: {
  "email": "vendor@example.com",
  "password": "Vendor@123",
  "confirmPassword": "Vendor@123",
  "name": "╪ز╪د╪ش╪▒ ╪د╪«╪ز╪ذ╪د╪▒",
  "role": "vendor",
  "country": "┘à╪╡╪▒",
  "governorate": "╪د┘┘é╪د┘ç╪▒╪ر",
  "phone": "01012345678",
  "nationalId": "29901234567890",
  "workshopAddress": "╪╣┘┘ê╪د┘ ┘ê╪▒╪┤╪ر ╪د┘╪╣┘à┘ ┘┘╪ز╪د╪ش╪▒"
}
ظإî [auth] POST /register: ╪د┘┘à╪│╪ز╪«╪»┘à ╪د┘╪ز╪د╪ش╪▒ ┘à┘ê╪ش┘ê╪» ╪ذ╪د┘┘╪╣┘╪î ╪│┘╪ص╪د┘ê┘ ╪ز╪│╪ش┘è┘ ╪د┘╪»╪«┘ê┘
Sending POST request to http://localhost:5003/auth/login
Request data: {
  "email": "vendor@example.com",
  "password": "Vendor@123"
}
ظإî [auth] POST /login: ┘╪┤┘ ╪ز╪│╪ش┘è┘ ╪د┘╪»╪«┘ê┘ ┘â╪ز╪د╪ش╪▒: {"status":"error","message":"╪ذ┘è╪د┘╪د╪ز ╪د┘╪»╪«┘ê┘ ╪║┘è╪▒ ╪╡╪ص┘è╪ص╪ر","errors":{"auth":"╪د┘╪ذ╪▒┘è╪» ╪د┘╪ح┘┘â╪ز╪▒┘ê┘┘è ╪ث┘ê ┘â┘┘à╪ر ╪د┘┘à╪▒┘ê╪▒ ╪║┘è╪▒ ╪╡╪ص┘è╪ص╪ر"}}
Sending GET request to http://localhost:5003/auth/profile
ظإî [auth] GET /profile: ┘╪┤┘ ╪د┘╪ص╪╡┘ê┘ ╪╣┘┘ë ╪د┘┘à┘┘ ╪د┘╪┤╪«╪╡┘è: {"message":"╪ز┘ê┘â┘ ╪║┘è╪▒ ╪╡╪د┘╪ص","error":"jwt malformed"}
Sending POST request to http://localhost:5003/auth/change-password
Request data: {
  "currentPassword": "xx100100",
  "newPassword": "xx1001001",
  "confirmPassword": "xx1001001"
}
ظإî [auth] POST /change-password: ┘╪┤┘ ╪ز╪║┘è┘è╪▒ ┘â┘┘à╪ر ╪د┘┘à╪▒┘ê╪▒: {"message":"╪ز┘ê┘â┘ ╪║┘è╪▒ ╪╡╪د┘╪ص","error":"jwt malformed"}

≡ا¤ ╪د╪«╪ز╪ذ╪د╪▒ ╪«╪»┘à╪ر ╪د┘┘à╪│╪ز╪«╪»┘à┘è┘ (User Service)...
Sending GET request to http://localhost:5003/users/me
ظإî [user] GET /me: ┘╪┤┘ ╪د┘╪ص╪╡┘ê┘ ╪╣┘┘ë ┘à╪╣┘┘ê┘à╪د╪ز ╪د┘┘à╪│╪ز╪«╪»┘à: {"status":"fail","message":"┘╪د ┘è┘à┘â┘ ╪د┘╪╣╪س┘ê╪▒ ╪╣┘┘ë /users/me ╪╣┘┘ë ┘ç╪░╪د ╪د┘╪«╪د╪»┘à!"}
Sending PATCH request to http://localhost:5003/users/updateMe
Request data: {
  "name": "┘à╪»┘è╪▒ ╪د┘┘╪╕╪د┘à (╪ز┘à ╪د┘╪ز╪ص╪»┘è╪س)",
  "phone": "1234567890"
}
ظإî [user] PATCH /updateMe: ┘╪┤┘ ╪ز╪ص╪»┘è╪س ┘à╪╣┘┘ê┘à╪د╪ز ╪د┘┘à╪│╪ز╪«╪»┘à: {"status":"fail","message":"┘╪د ┘è┘à┘â┘ ╪د┘╪╣╪س┘ê╪▒ ╪╣┘┘ë /users/updateMe ╪╣┘┘ë ┘ç╪░╪د ╪د┘╪«╪د╪»┘à!"}
Sending POST request to http://localhost:5003/users/addresses
Request data: {
  "address": "╪╣┘┘ê╪د┘ ╪د╪«╪ز╪ذ╪د╪▒",
  "city": "┘à╪»┘è┘╪ر ╪د╪«╪ز╪ذ╪د╪▒",
  "postal_code": "12345",
  "country": "╪ذ┘╪» ╪د╪«╪ز╪ذ╪د╪▒",
  "is_default": true
}
ظإî [user] POST /addresses: ┘╪┤┘ ╪ح╪╢╪د┘╪ر ╪╣┘┘ê╪د┘ ╪ش╪»┘è╪»: {"status":"fail","message":"┘╪د ┘è┘à┘â┘ ╪د┘╪╣╪س┘ê╪▒ ╪╣┘┘ë /users/addresses ╪╣┘┘ë ┘ç╪░╪د ╪د┘╪«╪د╪»┘à!"}

≡ا¤ ╪د╪«╪ز╪ذ╪د╪▒ ╪«╪»┘à╪ر ╪د┘┘à┘╪ز╪ش╪د╪ز (Product Service)...
Sending POST request to http://localhost:5003/products/
Request data: {
  "name": "┘à┘╪ز╪ش ╪د╪«╪ز╪ذ╪د╪▒",
  "description": "┘ê╪╡┘ ┘à┘╪ز╪ش ╪د╪«╪ز╪ذ╪د╪▒",
  "price": 99.99,
  "stock": 100,
  "category_id": 1
}
ظإî [product] POST /: ┘╪┤┘ ╪ح┘╪┤╪د╪ة ┘à┘╪ز╪ش ╪ش╪»┘è╪»: "Error occurred while trying to proxy: localhost:5003/products/"

≡ا¤ ╪د╪«╪ز╪ذ╪د╪▒ ╪«╪»┘à╪ر ╪د┘╪╖┘╪ذ╪د╪ز (Order Service)...
Sending POST request to http://localhost:5003/orders/
Request data: {
  "items": [
    {
      "product_id": 1,
      "quantity": 2,
      "price": 99.99
    }
  ],
  "shipping_address": {
    "address": "╪╣┘┘ê╪د┘ ╪د╪«╪ز╪ذ╪د╪▒",
    "city": "┘à╪»┘è┘╪ر ╪د╪«╪ز╪ذ╪د╪▒",
    "postal_code": "12345"
  },
  "payment_method": "cash_on_delivery",
  "user_id": null
}
ظإî [order] POST /: ┘╪┤┘ ╪ح┘╪┤╪د╪ة ╪╖┘╪ذ ╪ش╪»┘è╪»: {"error":"Internal server error"}

≡ا¤ ╪د╪«╪ز╪ذ╪د╪▒ ╪«╪»┘à╪ر ╪╣╪▒╪ذ╪ر ╪د┘╪ز╪│┘ê┘é (Cart Service)...
Sending POST request to http://localhost:5003/orders/user/null/items
Request data: {
  "product_id": 1,
  "quantity": 2
}
ظإî [order] POST /user/null/items: ┘╪┤┘ ╪ح╪╢╪د┘╪ر ╪╣┘╪╡╪▒ ╪ح┘┘ë ╪د┘╪╣╪▒╪ذ╪ر: "<!DOCTYPE html>\n<html lang=\"en\">\n<head>\n<meta charset=\"utf-8\">\n<title>Error</title>\n</head>\n<body>\n<pre>Cannot POST /orders/user/null/items</pre>\n</body>\n</html>\n"

≡ا¤ ╪د╪«╪ز╪ذ╪د╪▒ ╪«╪»┘à╪ر ╪د┘╪»╪╣┘à (Support Service)...
Sending POST request to http://localhost:5003/support/tickets
Request data: {
  "subject": "┘à┘ê╪╢┘ê╪╣ ╪ز╪░┘â╪▒╪ر ╪د╪«╪ز╪ذ╪د╪▒",
  "message": "┘à╪ص╪ز┘ê┘ë ╪ز╪░┘â╪▒╪ر ╪د╪«╪ز╪ذ╪د╪▒",
  "priority": "medium",
  "user_id": null
}
ظإî [support] POST /tickets: ┘╪┤┘ ╪ح┘╪┤╪د╪ة ╪ز╪░┘â╪▒╪ر ╪ش╪»┘è╪»╪ر: "<!DOCTYPE html>\n<html lang=\"en\">\n<head>\n<meta charset=\"utf-8\">\n<title>Error</title>\n</head>\n<body>\n<pre>Cannot POST /support/tickets</pre>\n</body>\n</html>\n"
Sending GET request to http://localhost:5003/support/faqs
ظإî [support] GET /faqs: ┘╪┤┘ ╪د┘╪ص╪╡┘ê┘ ╪╣┘┘ë ╪د┘╪ث╪│╪خ┘╪ر ╪د┘╪┤╪د╪خ╪╣╪ر: "<!DOCTYPE html>\n<html lang=\"en\">\n<head>\n<meta charset=\"utf-8\">\n<title>Error</title>\n</head>\n<body>\n<pre>Cannot GET /support/faqs</pre>\n</body>\n</html>\n"

≡ا¤ ╪د╪«╪ز╪ذ╪د╪▒ ╪«╪»┘à╪ر ╪د┘╪ح╪┤╪╣╪د╪▒╪د╪ز (Notification Service)...
Sending POST request to http://localhost:5003/notification/
Request data: {
  "user_id": null,
  "title": "╪╣┘┘ê╪د┘ ╪ح╪┤╪╣╪د╪▒ ╪د╪«╪ز╪ذ╪د╪▒",
  "message": "┘à╪ص╪ز┘ê┘ë ╪ح╪┤╪╣╪د╪▒ ╪د╪«╪ز╪ذ╪د╪▒",
  "type": "info"
}
ظإî [notification] POST /: ┘╪┤┘ ╪ح┘╪┤╪د╪ة ╪ح╪┤╪╣╪د╪▒ ╪ش╪»┘è╪»: {"message":"Route not found in API Gateway"}

≡ا¤ ╪د╪«╪ز╪ذ╪د╪▒ ╪«╪»┘à╪ر ╪د┘┘à╪ص╪د╪»╪س╪ر (Chat Service)...
Sending POST request to http://localhost:5003/chat/conversations
Request data: {
  "title": "┘à╪ص╪د╪»╪س╪ر ╪د╪«╪ز╪ذ╪د╪▒",
  "participants": [
    null,
    2
  ]
}
ظإî [chat] POST /conversations: ┘╪┤┘ ╪ح┘╪┤╪د╪ة ╪║╪▒┘╪ر ┘à╪ص╪د╪»╪س╪ر ╪ش╪»┘è╪»╪ر: "<!DOCTYPE html>\n<html lang=\"en\">\n<head>\n<meta charset=\"utf-8\">\n<title>Error</title>\n</head>\n<body>\n<pre>Cannot POST /chat/conversations</pre>\n</body>\n</html>\n"

≡ا¤ ╪د╪«╪ز╪ذ╪د╪▒ ╪«╪»┘à╪ر ╪د┘╪ز╪ص┘┘è┘╪د╪ز (Analytics Service)...
Sending GET request to http://localhost:5003/analytics/analytics/sales
ظإî [analytics] GET /analytics/sales: ┘╪┤┘ ╪د┘╪ص╪╡┘ê┘ ╪╣┘┘ë ╪ز╪ص┘┘è┘╪د╪ز ╪د┘┘à╪ذ┘è╪╣╪د╪ز: "<!DOCTYPE html>\n<html lang=\"en\">\n<head>\n<meta charset=\"utf-8\">\n<title>Error</title>\n</head>\n<body>\n<pre>Cannot GET /analytics/analytics/sales</pre>\n</body>\n</html>\n"
Sending PUT request to http://localhost:5003/analytics/analytics/sales/1
Request data: {
  "data": {
    "total_sales": 1000,
    "total_orders": 50,
    "average_order_value": 20
  }
}
ظإî [analytics] PUT /analytics/sales/1: ┘╪┤┘ ╪ز╪ص╪»┘è╪س ╪ز╪ص┘┘è┘╪د╪ز ╪د┘┘à╪ذ┘è╪╣╪د╪ز: "<!DOCTYPE html>\n<html lang=\"en\">\n<head>\n<meta charset=\"utf-8\">\n<title>Error</title>\n</head>\n<body>\n<pre>Cannot PUT /analytics/analytics/sales/1</pre>\n</body>\n</html>\n"
Sending GET request to http://localhost:5003/analytics/analytics/customers
ظإî [analytics] GET /analytics/customers: ┘╪┤┘ ╪د┘╪ص╪╡┘ê┘ ╪╣┘┘ë ╪ز╪ص┘┘è┘╪د╪ز ╪د┘╪╣┘à┘╪د╪ة: "<!DOCTYPE html>\n<html lang=\"en\">\n<head>\n<meta charset=\"utf-8\">\n<title>Error</title>\n</head>\n<body>\n<pre>Cannot GET /analytics/analytics/customers</pre>\n</body>\n</html>\n"
Sending GET request to http://localhost:5003/analytics/analytics/inventory
ظإî [analytics] GET /analytics/inventory: ┘╪┤┘ ╪د┘╪ص╪╡┘ê┘ ╪╣┘┘ë ╪ز╪ص┘┘è┘╪د╪ز ╪د┘┘à╪«╪▓┘ê┘: "<!DOCTYPE html>\n<html lang=\"en\">\n<head>\n<meta charset=\"utf-8\">\n<title>Error</title>\n</head>\n<body>\n<pre>Cannot GET /analytics/analytics/inventory</pre>\n</body>\n</html>\n"
Sending POST request to http://localhost:5003/analytics/performance/app
Request data: {
  "device_type": "mobile",
  "os": "Android",
  "app_version": "1.0.0",
  "load_time": 1500,
  "memory_usage": 50
}
ظإî [analytics] POST /performance/app: ┘╪┤┘ ╪ز╪│╪ش┘è┘ ╪ث╪»╪د╪ة ╪د┘╪ز╪╖╪ذ┘è┘é: "<!DOCTYPE html>\n<html lang=\"en\">\n<head>\n<meta charset=\"utf-8\">\n<title>Error</title>\n</head>\n<body>\n<pre>Cannot POST /analytics/performance/app</pre>\n</body>\n</html>\n"
Sending GET request to http://localhost:5003/analytics/performance/app
ظإî [analytics] GET /performance/app: ┘╪┤┘ ╪د┘╪ص╪╡┘ê┘ ╪╣┘┘ë ╪ح╪ص╪╡╪د╪خ┘è╪د╪ز ╪ث╪»╪د╪ة ╪د┘╪ز╪╖╪ذ┘è┘é: "<!DOCTYPE html>\n<html lang=\"en\">\n<head>\n<meta charset=\"utf-8\">\n<title>Error</title>\n</head>\n<body>\n<pre>Cannot GET /analytics/performance/app</pre>\n</body>\n</html>\n"

≡ا¤ ╪د╪«╪ز╪ذ╪د╪▒ ╪«╪»┘à╪ر ╪د┘╪ز╪ص┘à┘è┘ (Upload Service)...
Sending GET request to http://localhost:5003/upload/health
ظ£à [upload] GET /health: ╪ز┘à ╪د┘╪ص╪╡┘ê┘ ╪╣┘┘ë ╪ص╪د┘╪ر ╪«╪»┘à╪ر ╪د┘╪ز╪ص┘à┘è┘ ╪ذ┘╪ش╪د╪ص
Sending GET request to http://localhost:5003/upload/info
ظ£à [upload] GET /info: ╪ز┘à ╪د┘╪ص╪╡┘ê┘ ╪╣┘┘ë ┘à╪╣┘┘ê┘à╪د╪ز ╪ص┘ê┘ ╪د┘┘à┘┘╪د╪ز ╪د┘┘à╪»╪╣┘ê┘à╪ر ╪ذ┘╪ش╪د╪ص

≡ا¤ ╪د╪«╪ز╪ذ╪د╪▒ ╪«╪»┘à╪ر ╪د┘╪ذ╪د╪خ╪╣┘è┘ (Vendor Service)...
ظإî [vendor]  : ┘╪د ┘è┘ê╪ش╪» ╪ز┘ê┘â┘ ┘à╪╡╪د╪»┘é╪ر ┘┘╪ز╪د╪ش╪▒╪î ╪│┘è╪ز┘à ╪د╪│╪ز╪«╪»╪د┘à ╪ز┘ê┘â┘ ╪د┘┘à╪│╪ز╪«╪»┘à ╪د┘╪╣╪د╪»┘è
╪ذ┘è╪د┘╪د╪ز ╪د┘╪ذ╪د╪خ╪╣ ╪د┘┘à╪▒╪│┘╪ر: {
  "name": "┘à╪ز╪ش╪▒ ╪د╪«╪ز╪ذ╪د╪▒",
  "email": "vendor@example.com",
  "phone": "01012345678",
  "user_id": 1,
  "storeName": "┘à╪ز╪ش╪▒ ╪د╪«╪ز╪ذ╪د╪▒",
  "storeDescription": "┘ê╪╡┘ ┘à╪ز╪ش╪▒ ╪د╪«╪ز╪ذ╪د╪▒",
  "storeLogoUrl": "logo.jpg",
  "contactEmail": "store@example.com",
  "contactPhone": "01012345678",
  "storeAddress": "╪╣┘┘ê╪د┘ ┘à╪ز╪ش╪▒ ╪د╪«╪ز╪ذ╪د╪▒",
  "business_type": "individual"
}
Sending POST request to http://localhost:5005/vendors/
Request data: {
  "name": "┘à╪ز╪ش╪▒ ╪د╪«╪ز╪ذ╪د╪▒",
  "email": "vendor@example.com",
  "phone": "01012345678",
  "user_id": 1,
  "storeName": "┘à╪ز╪ش╪▒ ╪د╪«╪ز╪ذ╪د╪▒",
  "storeDescription": "┘ê╪╡┘ ┘à╪ز╪ش╪▒ ╪د╪«╪ز╪ذ╪د╪▒",
  "storeLogoUrl": "logo.jpg",
  "contactEmail": "store@example.com",
  "contactPhone": "01012345678",
  "storeAddress": "╪╣┘┘ê╪د┘ ┘à╪ز╪ش╪▒ ╪د╪«╪ز╪ذ╪د╪▒",
  "business_type": "individual"
}
Create vendor response: {
  "success": false,
  "error": "",
  "status": 500,
  "fullError": {
    "message": "",
    "name": "AggregateError",
    "stack": "AggregateError\n    at AxiosError.from (C:\\Users\\Win10\\Desktop\\supermall-backend\\node_modules\\axios\\dist\\node\\axios.cjs:863:14)\n    at RedirectableRequest.handleRequestError (C:\\Users\\Win10\\Desktop\\supermall-backend\\node_modules\\axios\\dist\\node\\axios.cjs:3191:25)\n    at RedirectableRequest.emit (node:events:518:28)\n    at eventHandlers.<computed> (C:\\Users\\Win10\\Desktop\\supermall-backend\\node_modules\\follow-redirects\\index.js:49:24)\n    at ClientRequest.emit (node:events:518:28)\n    at emitErrorEvent (node:_http_client:104:11)\n    at Socket.socketErrorListener (node:_http_client:518:5)\n    at Socket.emit (node:events:518:28)\n    at emitErrorNT (node:internal/streams/destroy:170:8)\n    at emitErrorCloseNT (node:internal/streams/destroy:129:3)\n    at Axios.request (C:\\Users\\Win10\\Desktop\\supermall-backend\\node_modules\\axios\\dist\\node\\axios.cjs:4280:41)\n    at process.processTicksAndRejections (node:internal/process/task_queues:105:5)\n    at async makeRequest (C:\\Users\\Win10\\Desktop\\supermall-backend\\api-tests.js:159:22)\n    at async testVendorService (C:\\Users\\Win10\\Desktop\\supermall-backend\\api-tests.js:1042:30)\n    at async runAllTests (C:\\Users\\Win10\\Desktop\\supermall-backend\\api-tests.js:345:3)",
    "config": {
      "transitional": {
        "silentJSONParsing": true,
        "forcedJSONParsing": true,
        "clarifyTimeoutError": false
      },
      "adapter": [
        "xhr",
        "http",
        "fetch"
      ],
      "transformRequest": [
        null
      ],
      "transformResponse": [
        null
      ],
      "timeout": 0,
      "xsrfCookieName": "XSRF-TOKEN",
      "xsrfHeaderName": "X-XSRF-TOKEN",
      "maxContentLength": -1,
      "maxBodyLength": -1,
      "env": {},
      "headers": {
        "Accept": "application/json, text/plain, */*",
        "Content-Type": "application/json",
        "Authorization": "Bearer undefined",
        "User-Agent": "axios/1.10.0",
        "Content-Length": "350",
        "Accept-Encoding": "gzip, compress, deflate, br"
      },
      "method": "post",
      "url": "http://localhost:5005/vendors/",
      "data": "{\"name\":\"┘à╪ز╪ش╪▒ ╪د╪«╪ز╪ذ╪د╪▒\",\"email\":\"vendor@example.com\",\"phone\":\"01012345678\",\"user_id\":1,\"storeName\":\"┘à╪ز╪ش╪▒ ╪د╪«╪ز╪ذ╪د╪▒\",\"storeDescription\":\"┘ê╪╡┘ ┘à╪ز╪ش╪▒ ╪د╪«╪ز╪ذ╪د╪▒\",\"storeLogoUrl\":\"logo.jpg\",\"contactEmail\":\"store@example.com\",\"contactPhone\":\"01012345678\",\"storeAddress\":\"╪╣┘┘ê╪د┘ ┘à╪ز╪ش╪▒ ╪د╪«╪ز╪ذ╪د╪▒\",\"business_type\":\"individual\"}",
      "allowAbsoluteUrls": true
    },
    "code": "ECONNREFUSED"
  }
}
ظإî [vendor] POST /: ┘╪┤┘ ╪ح┘╪┤╪د╪ة ╪ذ╪د╪خ╪╣ ╪ش╪»┘è╪»: ""
================================================================================
ظ£à ╪ز┘à ╪د┘╪د┘╪ز┘ç╪د╪ة ┘à┘ ╪ز┘┘┘è╪░ ╪ش┘à┘è╪╣ ╪د╪«╪ز╪ذ╪د╪▒╪د╪ز API ╪ذ┘╪ش╪د╪ص!
